Analysis & Synthesis report for RS_RF_Sched
Tue May  7 00:17:49 2019
Quartus II 64-Bit Version 13.0.0 Build 156 04/24/2013 SJ Web Edition


---------------------
; Table of Contents ;
---------------------
  1. Legal Notice
  2. Analysis & Synthesis Summary
  3. Analysis & Synthesis Settings
  4. Parallel Compilation
  5. Analysis & Synthesis Messages



----------------
; Legal Notice ;
----------------
Copyright (C) 1991-2013 Altera Corporation
Your use of Altera Corporation's design tools, logic functions 
and other software and tools, and its AMPP partner logic 
functions, and any output files from any of the foregoing 
(including device programming or simulation files), and any 
associated documentation or information are expressly subject 
to the terms and conditions of the Altera Program License 
Subscription Agreement, Altera MegaCore Function License 
Agreement, or other applicable license agreement, including, 
without limitation, that your use is for the sole purpose of 
programming logic devices manufactured by Altera and sold by 
Altera or its authorized distributors.  Please refer to the 
applicable agreement for further details.



+--------------------------------------------------------------------------+
; Analysis & Synthesis Summary                                             ;
+-----------------------------+--------------------------------------------+
; Analysis & Synthesis Status ; Failed - Tue May  7 00:17:49 2019          ;
; Quartus II 64-Bit Version   ; 13.0.0 Build 156 04/24/2013 SJ Web Edition ;
; Revision Name               ; RS_RF_Sched                                ;
; Top-level Entity Name       ; RS_RF_Sched                                ;
; Family                      ; Cyclone V                                  ;
; Logic utilization (in ALMs) ; N/A until Partition Merge                  ;
; Total registers             ; N/A until Partition Merge                  ;
; Total pins                  ; N/A until Partition Merge                  ;
; Total virtual pins          ; N/A until Partition Merge                  ;
; Total block memory bits     ; N/A until Partition Merge                  ;
; Total PLLs                  ; N/A until Partition Merge                  ;
; Total DLLs                  ; N/A until Partition Merge                  ;
+-----------------------------+--------------------------------------------+


+---------------------------------------------------------------------------------------------------------------------------+
; Analysis & Synthesis Settings                                                                                             ;
+---------------------------------------------------------------------------------+--------------------+--------------------+
; Option                                                                          ; Setting            ; Default Value      ;
+---------------------------------------------------------------------------------+--------------------+--------------------+
; Device                                                                          ; 5CGXFC7C7F23C8     ;                    ;
; Top-level entity name                                                           ; RS_RF_Sched        ; RS_RF_Sched        ;
; Family name                                                                     ; Cyclone V          ; Cyclone IV GX      ;
; Use smart compilation                                                           ; Off                ; Off                ;
; Enable parallel Assembler and TimeQuest Timing Analyzer during compilation      ; On                 ; On                 ;
; Enable compact report table                                                     ; Off                ; Off                ;
; Restructure Multiplexers                                                        ; Auto               ; Auto               ;
; MLAB Add Timing Constraints For Mixed-Port Feed-Through Mode Setting Don't Care ; Off                ; Off                ;
; Create Debugging Nodes for IP Cores                                             ; Off                ; Off                ;
; Preserve fewer node names                                                       ; On                 ; On                 ;
; Disable OpenCore Plus hardware evaluation                                       ; Off                ; Off                ;
; Verilog Version                                                                 ; Verilog_2001       ; Verilog_2001       ;
; VHDL Version                                                                    ; VHDL_1993          ; VHDL_1993          ;
; State Machine Processing                                                        ; Auto               ; Auto               ;
; Safe State Machine                                                              ; Off                ; Off                ;
; Extract Verilog State Machines                                                  ; On                 ; On                 ;
; Extract VHDL State Machines                                                     ; On                 ; On                 ;
; Ignore Verilog initial constructs                                               ; Off                ; Off                ;
; Iteration limit for constant Verilog loops                                      ; 5000               ; 5000               ;
; Iteration limit for non-constant Verilog loops                                  ; 250                ; 250                ;
; Add Pass-Through Logic to Inferred RAMs                                         ; On                 ; On                 ;
; Infer RAMs from Raw Logic                                                       ; On                 ; On                 ;
; Parallel Synthesis                                                              ; On                 ; On                 ;
; DSP Block Balancing                                                             ; Auto               ; Auto               ;
; NOT Gate Push-Back                                                              ; On                 ; On                 ;
; Power-Up Don't Care                                                             ; On                 ; On                 ;
; Remove Redundant Logic Cells                                                    ; Off                ; Off                ;
; Remove Duplicate Registers                                                      ; On                 ; On                 ;
; Ignore CARRY Buffers                                                            ; Off                ; Off                ;
; Ignore CASCADE Buffers                                                          ; Off                ; Off                ;
; Ignore GLOBAL Buffers                                                           ; Off                ; Off                ;
; Ignore ROW GLOBAL Buffers                                                       ; Off                ; Off                ;
; Ignore LCELL Buffers                                                            ; Off                ; Off                ;
; Ignore SOFT Buffers                                                             ; On                 ; On                 ;
; Limit AHDL Integers to 32 Bits                                                  ; Off                ; Off                ;
; Optimization Technique                                                          ; Balanced           ; Balanced           ;
; Carry Chain Length                                                              ; 70                 ; 70                 ;
; Auto Carry Chains                                                               ; On                 ; On                 ;
; Auto Open-Drain Pins                                                            ; On                 ; On                 ;
; Perform WYSIWYG Primitive Resynthesis                                           ; Off                ; Off                ;
; Auto ROM Replacement                                                            ; On                 ; On                 ;
; Auto RAM Replacement                                                            ; On                 ; On                 ;
; Auto DSP Block Replacement                                                      ; On                 ; On                 ;
; Auto Shift Register Replacement                                                 ; Auto               ; Auto               ;
; Allow Shift Register Merging across Hierarchies                                 ; Auto               ; Auto               ;
; Auto Clock Enable Replacement                                                   ; On                 ; On                 ;
; Strict RAM Replacement                                                          ; Off                ; Off                ;
; Allow Synchronous Control Signals                                               ; On                 ; On                 ;
; Force Use of Synchronous Clear Signals                                          ; Off                ; Off                ;
; Auto Resource Sharing                                                           ; Off                ; Off                ;
; Allow Any RAM Size For Recognition                                              ; Off                ; Off                ;
; Allow Any ROM Size For Recognition                                              ; Off                ; Off                ;
; Allow Any Shift Register Size For Recognition                                   ; Off                ; Off                ;
; Use LogicLock Constraints during Resource Balancing                             ; On                 ; On                 ;
; Ignore translate_off and synthesis_off directives                               ; Off                ; Off                ;
; Timing-Driven Synthesis                                                         ; On                 ; On                 ;
; Report Parameter Settings                                                       ; On                 ; On                 ;
; Report Source Assignments                                                       ; On                 ; On                 ;
; Report Connectivity Checks                                                      ; On                 ; On                 ;
; Ignore Maximum Fan-Out Assignments                                              ; Off                ; Off                ;
; Synchronization Register Chain Length                                           ; 3                  ; 3                  ;
; PowerPlay Power Optimization                                                    ; Normal compilation ; Normal compilation ;
; HDL message level                                                               ; Level2             ; Level2             ;
; Suppress Register Optimization Related Messages                                 ; Off                ; Off                ;
; Number of Removed Registers Reported in Synthesis Report                        ; 5000               ; 5000               ;
; Number of Swept Nodes Reported in Synthesis Report                              ; 5000               ; 5000               ;
; Number of Inverted Registers Reported in Synthesis Report                       ; 100                ; 100                ;
; Clock MUX Protection                                                            ; On                 ; On                 ;
; Auto Gated Clock Conversion                                                     ; Off                ; Off                ;
; Block Design Naming                                                             ; Auto               ; Auto               ;
; SDC constraint protection                                                       ; Off                ; Off                ;
; Synthesis Effort                                                                ; Auto               ; Auto               ;
; Shift Register Replacement - Allow Asynchronous Clear Signal                    ; On                 ; On                 ;
; Pre-Mapping Resynthesis Optimization                                            ; Off                ; Off                ;
; Analysis & Synthesis Message Level                                              ; Medium             ; Medium             ;
; Disable Register Merging Across Hierarchies                                     ; Auto               ; Auto               ;
; Resource Aware Inference For Block RAM                                          ; On                 ; On                 ;
; Synthesis Seed                                                                  ; 1                  ; 1                  ;
; Automatic Parallel Synthesis                                                    ; Off                ; Off                ;
+---------------------------------------------------------------------------------+--------------------+--------------------+


+------------------------------------------+
; Parallel Compilation                     ;
+----------------------------+-------------+
; Processors                 ; Number      ;
+----------------------------+-------------+
; Number detected on machine ; 2           ;
; Maximum allowed            ; 2           ;
;                            ;             ;
; Average used               ; 1.00        ;
; Maximum used               ; 1           ;
;                            ;             ;
; Usage by Processor         ; % Time Used ;
;     Processor 1            ; 100.0%      ;
;     Processor 2            ;   0.0%      ;
+----------------------------+-------------+


+-------------------------------+
; Analysis & Synthesis Messages ;
+-------------------------------+
Info: *******************************************************************
Info: Running Quartus II 64-Bit Analysis & Synthesis
    Info: Version 13.0.0 Build 156 04/24/2013 SJ Web Edition
    Info: Processing started: Tue May  7 00:17:48 2019
Info: Command: quartus_map --read_settings_files=on --write_settings_files=off RS_RF_Sched -c RS_RF_Sched
Info (20030): Parallel compilation is enabled and will use 2 of the 2 processors detected
Error (10500): VHDL syntax error at RS_RF_Sched.vhd(267) near text "when";  expecting ";" File: /media/psf/mac-linux/EE739_Superscalar/RS_RRF_Sched/RS_RF_Sched.vhd Line: 267
Error (10500): VHDL syntax error at RS_RF_Sched.vhd(269) near text "when";  expecting ";" File: /media/psf/mac-linux/EE739_Superscalar/RS_RRF_Sched/RS_RF_Sched.vhd Line: 269
Error (10500): VHDL syntax error at RS_RF_Sched.vhd(272) near text "when";  expecting ";" File: /media/psf/mac-linux/EE739_Superscalar/RS_RRF_Sched/RS_RF_Sched.vhd Line: 272
Error (10500): VHDL syntax error at RS_RF_Sched.vhd(274) near text "when";  expecting ";" File: /media/psf/mac-linux/EE739_Superscalar/RS_RRF_Sched/RS_RF_Sched.vhd Line: 274
Error (10500): VHDL syntax error at RS_RF_Sched.vhd(277) near text "when";  expecting ";" File: /media/psf/mac-linux/EE739_Superscalar/RS_RRF_Sched/RS_RF_Sched.vhd Line: 277
Error (10500): VHDL syntax error at RS_RF_Sched.vhd(279) near text "when";  expecting ";" File: /media/psf/mac-linux/EE739_Superscalar/RS_RRF_Sched/RS_RF_Sched.vhd Line: 279
Error (10500): VHDL syntax error at RS_RF_Sched.vhd(282) near text "when";  expecting ";" File: /media/psf/mac-linux/EE739_Superscalar/RS_RRF_Sched/RS_RF_Sched.vhd Line: 282
Error (10500): VHDL syntax error at RS_RF_Sched.vhd(284) near text "when";  expecting ";" File: /media/psf/mac-linux/EE739_Superscalar/RS_RRF_Sched/RS_RF_Sched.vhd Line: 284
Error (10500): VHDL syntax error at RS_RF_Sched.vhd(287) near text "when";  expecting ";" File: /media/psf/mac-linux/EE739_Superscalar/RS_RRF_Sched/RS_RF_Sched.vhd Line: 287
Error (10500): VHDL syntax error at RS_RF_Sched.vhd(289) near text "when";  expecting ";" File: /media/psf/mac-linux/EE739_Superscalar/RS_RRF_Sched/RS_RF_Sched.vhd Line: 289
Error (10500): VHDL syntax error at RS_RF_Sched.vhd(309) near text "when";  expecting ";" File: /media/psf/mac-linux/EE739_Superscalar/RS_RRF_Sched/RS_RF_Sched.vhd Line: 309
Error (10500): VHDL syntax error at RS_RF_Sched.vhd(311) near text "when";  expecting ";" File: /media/psf/mac-linux/EE739_Superscalar/RS_RRF_Sched/RS_RF_Sched.vhd Line: 311
Error (10500): VHDL syntax error at RS_RF_Sched.vhd(314) near text "when";  expecting ";" File: /media/psf/mac-linux/EE739_Superscalar/RS_RRF_Sched/RS_RF_Sched.vhd Line: 314
Error (10500): VHDL syntax error at RS_RF_Sched.vhd(316) near text "when";  expecting ";" File: /media/psf/mac-linux/EE739_Superscalar/RS_RRF_Sched/RS_RF_Sched.vhd Line: 316
Error (10500): VHDL syntax error at RS_RF_Sched.vhd(319) near text "when";  expecting ";" File: /media/psf/mac-linux/EE739_Superscalar/RS_RRF_Sched/RS_RF_Sched.vhd Line: 319
Error (10500): VHDL syntax error at RS_RF_Sched.vhd(321) near text "when";  expecting ";" File: /media/psf/mac-linux/EE739_Superscalar/RS_RRF_Sched/RS_RF_Sched.vhd Line: 321
Error (10500): VHDL syntax error at RS_RF_Sched.vhd(324) near text "when";  expecting ";" File: /media/psf/mac-linux/EE739_Superscalar/RS_RRF_Sched/RS_RF_Sched.vhd Line: 324
Error (10500): VHDL syntax error at RS_RF_Sched.vhd(326) near text "when";  expecting ";" File: /media/psf/mac-linux/EE739_Superscalar/RS_RRF_Sched/RS_RF_Sched.vhd Line: 326
Error (10500): VHDL syntax error at RS_RF_Sched.vhd(329) near text "when";  expecting ";" File: /media/psf/mac-linux/EE739_Superscalar/RS_RRF_Sched/RS_RF_Sched.vhd Line: 329
Info (12021): Found 0 design units, including 0 entities, in source file RS_RF_Sched.vhd
Info (12021): Found 2 design units, including 1 entities, in source file register.vhd
    Info (12022): Found design unit 1: myRegister-behave
    Info (12023): Found entity 1: myRegister
Info (12021): Found 2 design units, including 1 entities, in source file bit_register.vhd
    Info (12022): Found design unit 1: bit_register-behave
    Info (12023): Found entity 1: bit_register
Error: Quartus II 64-Bit Analysis & Synthesis was unsuccessful. 19 errors, 0 warnings
    Error: Peak virtual memory: 654 megabytes
    Error: Processing ended: Tue May  7 00:17:49 2019
    Error: Elapsed time: 00:00:01
    Error: Total CPU time (on all processors): 00:00:01


